// Jest Snapshot v1, https://goo.gl/fbAQLP

exports[`Navbar component should render correctly  1`] = `
<div>
  <nav
    class="navbar"
  >
    <a
      href="/"
    >
      <img
        alt="Logo Mercado Libre"
        data-nimg="1"
        decoding="async"
        fetchpriority="high"
        height="45"
        src="/_next/image?url=%2Flogo_ml.png&w=128&q=75"
        srcset="/_next/image?url=%2Flogo_ml.png&w=64&q=75 1x, /_next/image?url=%2Flogo_ml.png&w=128&q=75 2x"
        style="color: transparent;"
        title="Logo Mercado Libre"
        width="60"
      />
    </a>
    <form
      aria-label="form-search"
      class="container"
    >
      <div
        class="input-group"
      >
        <input
          alt="search product"
          class="form-control"
          name="search"
          placeholder="Buscar productos"
          required=""
          type="text"
          value=""
        />
        <div
          class="input-group-append"
        >
          <button
            class="btn btn-search"
            type="submit"
          >
            <svg
              fill="none"
              height="1em"
              stroke="currentColor"
              stroke-linecap="round"
              stroke-linejoin="round"
              stroke-width="2"
              viewBox="0 0 24 24"
              width="1em"
              xmlns="http://www.w3.org/2000/svg"
            >
              <circle
                cx="11"
                cy="11"
                r="8"
              />
              <line
                x1="21"
                x2="16.65"
                y1="21"
                y2="16.65"
              />
            </svg>
          </button>
        </div>
      </div>
    </form>
  </nav>
</div>
`;
