// Jest Snapshot v1, https://goo.gl/fbAQLP

exports[`ListItems component should render correctly with products 1`] = `[Function]`;
